// Jest Snapshot v1, https://goo.gl/fbAQLP

exports[`UnorderedList matches wrapper snapshot: wrapper mount 1`] = `
.c3 {
  font-family: "nta",Arial,sans-serif;
  -webkit-font-smoothing: antialiased;
  -moz-osx-font-smoothing: grayscale;
}

.c3:link {
  color: #1d70b8;
}

.c3:visited {
  color: #4c2c92;
}

.c3:hover {
  color: #2b8cc4;
}

.c3:active {
  color: #2b8cc4;
}

.c3:focus {
  color: #0b0c0c;
}

.c3:focus {
  outline: 3px solid #ffdd00;
  outline-offset: 0;
  background-color: #ffdd00;
}

.c2 {
  font-family: "nta",Arial,sans-serif;
  -webkit-font-smoothing: antialiased;
  -moz-osx-font-smoothing: grayscale;
  font-weight: 400;
  font-size: 16px;
  line-height: 1.25;
  margin-bottom: 5px;
}

.c1 {
  font-family: "nta",Arial,sans-serif;
  -webkit-font-smoothing: antialiased;
  -moz-osx-font-smoothing: grayscale;
  font-weight: 400;
  font-size: 16px;
  line-height: 1.25;
  color: #0b0c0c;
  margin-top: 0;
  margin-bottom: 15px;
  padding-left: 20px;
}

.c1 .c0 {
  margin-top: 10px;
}

.c1 > .c5 {
  margin-bottom: 5px;
}

.c4 .c0 {
  margin-top: 10px;
}

@media print {
  .c3 {
    font-family: sans-serif;
  }
}

@media print {
  .c3[href^="/"]::after,
  .c3[href^="http://"]::after,
  .c3[href^="https://"]::after {
    content: " (" attr(href) ")";
    font-size: 90%;
    word-wrap: break-word;
  }
}

@media print {
  .c2 {
    font-size: 14px;
    line-height: 1.15;
  }
}

@media only screen and (min-width:641px) {
  .c2 {
    font-size: 19px;
    line-height: 1.3157894736842106;
  }
}

@media print {
  .c1 {
    font-size: 14px;
    line-height: 1.15;
  }
}

@media only screen and (min-width:641px) {
  .c1 {
    font-size: 19px;
    line-height: 1.3157894736842106;
  }
}

@media print {
  .c1 {
    color: #000;
  }
}

@media only screen and (min-width:641px) {
  .c1 {
    margin-bottom: 20px;
  }
}

<UnorderedList>
  <styled.ol
    as="ul"
  >
    <StyledComponent
      as="ul"
      forwardedComponent={
        Object {
          "$$typeof": Symbol(react.forward_ref),
          "_foldedDefaultProps": Object {
            "listStyleType": undefined,
          },
          "attrs": Array [],
          "componentStyle": ComponentStyle {
            "componentId": "c0",
            "isStatic": false,
            "lastClassName": "c1",
            "rules": Array [
              "font-family: \\"nta\\", Arial, sans-serif;",
              "-webkit-font-smoothing: antialiased;",
              "-moz-osx-font-smoothing: grayscale;",
              "@media print {",
              "font-size: 14px;",
              "line-height: 1.15;",
              "}",
              "font-weight: 400;",
              "font-size: 16px;",
              "line-height: 1.25;",
              "@media only screen and (min-width: 641px) {",
              "font-size: 19px;",
              "line-height: 1.3157894736842106;",
              "}",
              "color: #0b0c0c;",
              "@media print {",
              "color: #000;",
              "}",
              "margin-top: 0;",
              "& & {",
              "margin-top: 10px;",
              "}",
              [Function],
              [Function],
            ],
          },
          "displayName": "styled.ol",
          "foldedComponentIds": Array [],
          "propTypes": undefined,
          "render": [Function],
          "styledComponentId": "c0",
          "target": "ol",
          "toString": [Function],
          "warnTooManyClasses": [Function],
          "withComponent": [Function],
        }
      }
      forwardedRef={null}
    >
      <ul
        className="c0 c1"
      >
        <styled.li>
          <StyledComponent
            forwardedComponent={
              Object {
                "$$typeof": Symbol(react.forward_ref),
                "attrs": Array [],
                "componentStyle": ComponentStyle {
                  "componentId": "sc-bwzfXH",
                  "isStatic": false,
                  "lastClassName": "c2",
                  "rules": Array [
                    "font-family: \\"nta\\", Arial, sans-serif;",
                    "-webkit-font-smoothing: antialiased;",
                    "-moz-osx-font-smoothing: grayscale;",
                    "@media print {",
                    "font-size: 14px;",
                    "line-height: 1.15;",
                    "}",
                    "font-weight: 400;",
                    "font-size: 16px;",
                    "line-height: 1.25;",
                    "@media only screen and (min-width: 641px) {",
                    "font-size: 19px;",
                    "line-height: 1.3157894736842106;",
                    "}",
                    "margin-bottom: 5px;",
                    [Function],
                  ],
                },
                "displayName": "styled.li",
                "foldedComponentIds": Array [],
                "propTypes": undefined,
                "render": [Function],
                "styledComponentId": "sc-bwzfXH",
                "target": "li",
                "toString": [Function],
                "warnTooManyClasses": [Function],
                "withComponent": [Function],
              }
            }
            forwardedRef={null}
          >
            <li
              className="c2"
            >
              <styled.a
                href="http://example.com"
                muted={false}
                noVisitedState={false}
                textColour={false}
              >
                <StyledComponent
                  forwardedComponent={
                    Object {
                      "$$typeof": Symbol(react.forward_ref),
                      "_foldedDefaultProps": Object {
                        "muted": false,
                        "noVisitedState": false,
                        "textColour": false,
                      },
                      "attrs": Array [],
                      "componentStyle": ComponentStyle {
                        "componentId": "sc-bdVaJa",
                        "isStatic": false,
                        "lastClassName": "c3",
                        "rules": Array [
                          "font-family: \\"nta\\", Arial, sans-serif;",
                          "-webkit-font-smoothing: antialiased;",
                          "-moz-osx-font-smoothing: grayscale;",
                          "@media print {",
                          "font-family: sans-serif;",
                          "}",
                          ":link {",
                          "color: #1d70b8;",
                          "}",
                          ":visited {",
                          "color: #4c2c92;",
                          "}",
                          ":hover {",
                          "color: #2b8cc4;",
                          "}",
                          ":active {",
                          "color: #2b8cc4;",
                          "}",
                          ":focus {",
                          "color: #0b0c0c;",
                          "}",
                          "&:focus {",
                          "outline: 3px solid #ffdd00;",
                          "outline-offset: 0;",
                          "background-color: #ffdd00;",
                          "}",
                          "@media print {",
                          "&[href^=\\"/\\"], &[href^=\\"http://\\"], &[href^=\\"https://\\"] {",
                          "&::after {",
                          "content: \\" (\\" attr(href) \\")\\";",
                          "font-size: 90%;",
                          "word-wrap: break-word;",
                          "}",
                          "}",
                          "}",
                          [Function],
                          [Function],
                          [Function],
                        ],
                      },
                      "displayName": "styled.a",
                      "foldedComponentIds": Array [],
                      "propTypes": undefined,
                      "render": [Function],
                      "styledComponentId": "sc-bdVaJa",
                      "target": "a",
                      "toString": [Function],
                      "warnTooManyClasses": [Function],
                      "withComponent": [Function],
                    }
                  }
                  forwardedRef={null}
                  href="http://example.com"
                  muted={false}
                  noVisitedState={false}
                  textColour={false}
                >
                  <a
                    className="c3"
                    href="http://example.com"
                    muted={false}
                  >
                    Example 1
                  </a>
                </StyledComponent>
              </styled.a>
            </li>
          </StyledComponent>
        </styled.li>
        <styled.li>
          <StyledComponent
            forwardedComponent={
              Object {
                "$$typeof": Symbol(react.forward_ref),
                "attrs": Array [],
                "componentStyle": ComponentStyle {
                  "componentId": "sc-bwzfXH",
                  "isStatic": false,
                  "lastClassName": "c2",
                  "rules": Array [
                    "font-family: \\"nta\\", Arial, sans-serif;",
                    "-webkit-font-smoothing: antialiased;",
                    "-moz-osx-font-smoothing: grayscale;",
                    "@media print {",
                    "font-size: 14px;",
                    "line-height: 1.15;",
                    "}",
                    "font-weight: 400;",
                    "font-size: 16px;",
                    "line-height: 1.25;",
                    "@media only screen and (min-width: 641px) {",
                    "font-size: 19px;",
                    "line-height: 1.3157894736842106;",
                    "}",
                    "margin-bottom: 5px;",
                    [Function],
                  ],
                },
                "displayName": "styled.li",
                "foldedComponentIds": Array [],
                "propTypes": undefined,
                "render": [Function],
                "styledComponentId": "sc-bwzfXH",
                "target": "li",
                "toString": [Function],
                "warnTooManyClasses": [Function],
                "withComponent": [Function],
              }
            }
            forwardedRef={null}
          >
            <li
              className="c2"
            >
              <styled.a
                href="http://example.com"
                muted={false}
                noVisitedState={false}
                textColour={false}
              >
                <StyledComponent
                  forwardedComponent={
                    Object {
                      "$$typeof": Symbol(react.forward_ref),
                      "_foldedDefaultProps": Object {
                        "muted": false,
                        "noVisitedState": false,
                        "textColour": false,
                      },
                      "attrs": Array [],
                      "componentStyle": ComponentStyle {
                        "componentId": "sc-bdVaJa",
                        "isStatic": false,
                        "lastClassName": "c3",
                        "rules": Array [
                          "font-family: \\"nta\\", Arial, sans-serif;",
                          "-webkit-font-smoothing: antialiased;",
                          "-moz-osx-font-smoothing: grayscale;",
                          "@media print {",
                          "font-family: sans-serif;",
                          "}",
                          ":link {",
                          "color: #1d70b8;",
                          "}",
                          ":visited {",
                          "color: #4c2c92;",
                          "}",
                          ":hover {",
                          "color: #2b8cc4;",
                          "}",
                          ":active {",
                          "color: #2b8cc4;",
                          "}",
                          ":focus {",
                          "color: #0b0c0c;",
                          "}",
                          "&:focus {",
                          "outline: 3px solid #ffdd00;",
                          "outline-offset: 0;",
                          "background-color: #ffdd00;",
                          "}",
                          "@media print {",
                          "&[href^=\\"/\\"], &[href^=\\"http://\\"], &[href^=\\"https://\\"] {",
                          "&::after {",
                          "content: \\" (\\" attr(href) \\")\\";",
                          "font-size: 90%;",
                          "word-wrap: break-word;",
                          "}",
                          "}",
                          "}",
                          [Function],
                          [Function],
                          [Function],
                        ],
                      },
                      "displayName": "styled.a",
                      "foldedComponentIds": Array [],
                      "propTypes": undefined,
                      "render": [Function],
                      "styledComponentId": "sc-bdVaJa",
                      "target": "a",
                      "toString": [Function],
                      "warnTooManyClasses": [Function],
                      "withComponent": [Function],
                    }
                  }
                  forwardedRef={null}
                  href="http://example.com"
                  muted={false}
                  noVisitedState={false}
                  textColour={false}
                >
                  <a
                    className="c3"
                    href="http://example.com"
                    muted={false}
                  >
                    Example 2
                  </a>
                </StyledComponent>
              </styled.a>
            </li>
          </StyledComponent>
        </styled.li>
        <styled.li>
          <StyledComponent
            forwardedComponent={
              Object {
                "$$typeof": Symbol(react.forward_ref),
                "attrs": Array [],
                "componentStyle": ComponentStyle {
                  "componentId": "sc-bwzfXH",
                  "isStatic": false,
                  "lastClassName": "c2",
                  "rules": Array [
                    "font-family: \\"nta\\", Arial, sans-serif;",
                    "-webkit-font-smoothing: antialiased;",
                    "-moz-osx-font-smoothing: grayscale;",
                    "@media print {",
                    "font-size: 14px;",
                    "line-height: 1.15;",
                    "}",
                    "font-weight: 400;",
                    "font-size: 16px;",
                    "line-height: 1.25;",
                    "@media only screen and (min-width: 641px) {",
                    "font-size: 19px;",
                    "line-height: 1.3157894736842106;",
                    "}",
                    "margin-bottom: 5px;",
                    [Function],
                  ],
                },
                "displayName": "styled.li",
                "foldedComponentIds": Array [],
                "propTypes": undefined,
                "render": [Function],
                "styledComponentId": "sc-bwzfXH",
                "target": "li",
                "toString": [Function],
                "warnTooManyClasses": [Function],
                "withComponent": [Function],
              }
            }
            forwardedRef={null}
          >
            <li
              className="c2"
            >
              <styled.a
                href="http://example.com"
                muted={false}
                noVisitedState={false}
                textColour={false}
              >
                <StyledComponent
                  forwardedComponent={
                    Object {
                      "$$typeof": Symbol(react.forward_ref),
                      "_foldedDefaultProps": Object {
                        "muted": false,
                        "noVisitedState": false,
                        "textColour": false,
                      },
                      "attrs": Array [],
                      "componentStyle": ComponentStyle {
                        "componentId": "sc-bdVaJa",
                        "isStatic": false,
                        "lastClassName": "c3",
                        "rules": Array [
                          "font-family: \\"nta\\", Arial, sans-serif;",
                          "-webkit-font-smoothing: antialiased;",
                          "-moz-osx-font-smoothing: grayscale;",
                          "@media print {",
                          "font-family: sans-serif;",
                          "}",
                          ":link {",
                          "color: #1d70b8;",
                          "}",
                          ":visited {",
                          "color: #4c2c92;",
                          "}",
                          ":hover {",
                          "color: #2b8cc4;",
                          "}",
                          ":active {",
                          "color: #2b8cc4;",
                          "}",
                          ":focus {",
                          "color: #0b0c0c;",
                          "}",
                          "&:focus {",
                          "outline: 3px solid #ffdd00;",
                          "outline-offset: 0;",
                          "background-color: #ffdd00;",
                          "}",
                          "@media print {",
                          "&[href^=\\"/\\"], &[href^=\\"http://\\"], &[href^=\\"https://\\"] {",
                          "&::after {",
                          "content: \\" (\\" attr(href) \\")\\";",
                          "font-size: 90%;",
                          "word-wrap: break-word;",
                          "}",
                          "}",
                          "}",
                          [Function],
                          [Function],
                          [Function],
                        ],
                      },
                      "displayName": "styled.a",
                      "foldedComponentIds": Array [],
                      "propTypes": undefined,
                      "render": [Function],
                      "styledComponentId": "sc-bdVaJa",
                      "target": "a",
                      "toString": [Function],
                      "warnTooManyClasses": [Function],
                      "withComponent": [Function],
                    }
                  }
                  forwardedRef={null}
                  href="http://example.com"
                  muted={false}
                  noVisitedState={false}
                  textColour={false}
                >
                  <a
                    className="c3"
                    href="http://example.com"
                    muted={false}
                  >
                    Example 3
                  </a>
                </StyledComponent>
              </styled.a>
            </li>
          </StyledComponent>
        </styled.li>
      </ul>
    </StyledComponent>
  </styled.ol>
</UnorderedList>
`;
